
> ava-solutions-unified-backend@2.0.0 dev
> nodemon server.js

[33m[nodemon] 3.1.10[39m
[33m[nodemon] to restart at any time, enter `rs`[39m
[33m[nodemon] watching path(s): *.js config\**\*.js middleware\**\*.js models\**\*.js routes\**\*.js services\**\*.js utils\**\*.js[39m
[33m[nodemon] watching extensions: js,json[39m
[32m[nodemon] starting `node server.js`[39m
[2025-09-26T21:11:07.854Z] [INFO] [APP] Connecting to MongoDB (attempt 1/5)... {"uri":"mongodb+srv:****@avasolutions.impyywn.mongodb.net/ava-marketing-website?retryWrites=true&w=majority&appName=Avasolutions"}
[2025-09-26T21:11:08.554Z] [INFO] [APP] MongoDB connected successfully {"host":"ac-vssy35b-shard-00-01.impyywn.mongodb.net","port":27017,"database":"ava-marketing-website","readyState":1}
[2025-09-26T21:11:08.563Z] [ERROR] [APP] Uncaught Exception: {"code":"EADDRINUSE","errno":-4091,"syscall":"listen","address":"0.0.0.0","port":4001}
[2025-09-26T21:11:08.563Z] [INFO] [APP] UNCAUGHT_EXCEPTION received, starting graceful shutdown...
[2025-09-26T21:11:08.564Z] [ERROR] [APP] Error closing database: {}
[32m[nodemon] clean exit - waiting for changes before restart[39m
[32m[nodemon] restarting due to changes...[39m
[32m[nodemon] starting `node server.js`[39m
[31m[nodemon] app crashed - waiting for file changes before starting...[39m
[32m[nodemon] restarting due to changes...[39m
[32m[nodemon] starting `node server.js`[39m
[31m[nodemon] app crashed - waiting for file changes before starting...[39m
[32m[nodemon] restarting due to changes...[39m
[32m[nodemon] starting `node server.js`[39m
[31m[nodemon] app crashed - waiting for file changes before starting...[39m
